---
source: crates/compiler/tests/tokenizer_test.rs
expression: "<![CDATA["

---
- Comment: "[CDATA["

