---
source: crates/compiler/tests/tokenizer_test.rs
expression: "<textarea></textareas>"

---
- StartTag:
    name: textarea
    attributes: []
    self_closing: false
- Text: "</textareas>"

