---
source: crates/compiler/tests/tokenizer_test.rs
expression: "<a></a < / attr attr=\">\" >"

---
- StartTag:
    name: a
    attributes: []
    self_closing: false
- EndTag: a

