---
source: crates/compiler/tests/tokenizer_test.rs
expression: "<style>abc</style>"

---
- StartTag:
    name: style
    attributes: []
    self_closing: false
- Text: abc
- EndTag: style

