---
source: crates/compiler/tests/tokenizer_test.rs
expression: "<!-->"

---
- Comment: ""

