---
source: crates/compiler/tests/tokenizer_test/mod.rs
expression: "<textarea>{{}}</textarea>"

---
- StartTag:
    name: textarea
    attributes: []
    self_closing: false
- Interpolation: ""
- EndTag: textarea

