---
source: crates/compiler/tests/tokenizer_test/mod.rs
expression: "<![CDATA["

---
- Comment: "[CDATA["

