---
source: crates/compiler/src/tokenizer.rs
expression: t

---
- Comment: ""

