---
source: crates/compiler/src/tokenizer.rs
expression: t

---
- Comment: " nested <!"
- Text:
    raw: " text -->"
    ops:
      bits: 2

