---
source: src/core/tokenizer.rs
expression: t

---
Text:
  raw: "</styl"
  ops:
    bits: 0

