---
source: src/core/tokenizer.rs
expression: t

---
Text:
  raw: "..."
  ops:
    bits: 2

