---
source: src/core/tokenizer.rs
expression: t

---
Text:
  raw: abc
  ops:
    bits: 0

