---
source: src/core/tokenizer.rs
expression: t

---
Interpolation: "{{test}}"

