---
source: src/core/parser.rs
expression: dir

---
Dir:
  name: slot
  argument:
    Static: "@_@"
  modifiers: []
  expression:
    content:
      raw: tt
      ops:
        bits: 10
    location:
      start:
        offset: 8
        line: 1
        column: 9
      end:
        offset: 12
        line: 1
        column: 13
  head_loc:
    start:
      offset: 3
      line: 1
      column: 4
    end:
      offset: 7
      line: 1
      column: 8
  location:
    start:
      offset: 3
      line: 1
      column: 4
    end:
      offset: 12
      line: 1
      column: 13

