---
source: src/core/tokenizer.rs
expression: t

---
Comment: "[CDATA["

