---
source: crates/compiler/tests/scanner_test/mod.rs
expression: "<textarea>{{'</textarea>'}}</textarea>"

---
- StartTag:
    name: textarea
    attributes: []
    self_closing: false
- Interpolation: "'</textarea>'"
- EndTag: textarea

