---
source: crates/compiler/tests/scanner_test/mod.rs
expression: "<textarea><div/></textarea>"

---
- StartTag:
    name: textarea
    attributes: []
    self_closing: false
- Text: "<div/>"
- EndTag: textarea

