---
source: crates/compiler/tests/scanner_test/mod.rs
expression: "{{}}"

---
- Interpolation: ""

