---
source: crates/compiler/tests/scanner_test/mod.rs
expression: "<style></styl"

---
- StartTag:
    name: style
    attributes: []
    self_closing: false
- Text: "</styl"

