---
source: src/core/tokenizer.rs
expression: t

---
- Comment: " nested <!"
- Text:
    raw: " text -->"
    ops:
      bits: 2

