---
source: src/core/tokenizer.rs
expression: a

---
- StartTag:
    name: textarea
    attributes: []
    self_closing: false
- Interpolation: "{{}}"
- EndTag: textarea

