---
source: src/core/tokenizer.rs
expression: a

---
- StartTag:
    name: textarea
    attributes: []
    self_closing: false
- Text:
    raw: "</textareas>"
    ops:
      bits: 2

